Base path: 'D:/Applications/Editor/2020.3.24f1/Editor/Data', plugins path 'D:/Applications/Editor/2020.3.24f1/Editor/Data/PlaybackEngines'
Cmd: initializeCompiler

Cmd: disassembleShader
 name=UI/Default platform=gles type=5 mask=6 insize=3194 outsize=3194 ok=1

Cmd: disassembleShader
 name=Standard platform=gles type=5 mask=6 insize=8759 outsize=8759 ok=1

Cmd: disassembleShader
 name=Standard platform=gles type=5 mask=6 insize=5920 outsize=5920 ok=1

Cmd: disassembleShader
 name=Standard platform=gles type=5 mask=6 insize=7339 outsize=7339 ok=1

Cmd: disassembleShader
 name=Legacy Shaders/Diffuse platform=gles type=5 mask=6 insize=2539 outsize=2539 ok=1

Cmd: disassembleShader
 name=TextMeshPro/Mobile/Distance Field platform=gles type=5 mask=6 insize=6334 outsize=6334 ok=1

Cmd: disassembleShader
 name=Legacy Shaders/Transparent/VertexLit platform=gles type=5 mask=6 insize=9029 outsize=9029 ok=1

Cmd: disassembleShader
 name=Standard platform=gles type=5 mask=6 insize=14186 outsize=14186 ok=1

Cmd: disassembleShader
 name=Standard platform=gles type=5 mask=6 insize=3309 outsize=3309 ok=1

Cmd: disassembleShader
 name=Standard platform=gles type=5 mask=6 insize=6141 outsize=6141 ok=1

Cmd: disassembleShader
 name=Mobile/Diffuse platform=gles type=5 mask=6 insize=3975 outsize=3975 ok=1

Cmd: disassembleShader
 name=TextMeshPro/Sprite platform=gles type=5 mask=6 insize=2378 outsize=2378 ok=1

Cmd: disassembleShader
 name=UI/Default platform=gles type=5 mask=6 insize=3194 outsize=3194 ok=1

Cmd: disassembleShader
 name=Standard platform=gles type=5 mask=6 insize=8554 outsize=8554 ok=1

Cmd: disassembleShader
 name=Standard platform=gles type=5 mask=6 insize=8373 outsize=8373 ok=1

Cmd: disassembleShader
 name=Standard platform=gles type=5 mask=6 insize=5097 outsize=5097 ok=1

Cmd: disassembleShader
 name=Legacy Shaders/VertexLit platform=gles type=5 mask=6 insize=9014 outsize=9014 ok=1

Cmd: disassembleShader
 name=Legacy Shaders/Diffuse platform=gles type=5 mask=6 insize=4148 outsize=4148 ok=1

Cmd: disassembleShader
 name=Mobile/Diffuse platform=gles type=5 mask=6 insize=5297 outsize=5297 ok=1

Cmd: disassembleShader
 name=TextMeshPro/Sprite platform=gles type=5 mask=6 insize=2233 outsize=2233 ok=1

Cmd: disassembleShader
 name=Standard platform=gles type=5 mask=6 insize=8554 outsize=8554 ok=1

Cmd: disassembleShader
 name=Standard platform=gles type=5 mask=6 insize=6846 outsize=6846 ok=1

Cmd: disassembleShader
 name=Legacy Shaders/VertexLit platform=gles type=5 mask=6 insize=9014 outsize=9014 ok=1

Cmd: disassembleShader
 name=TextMeshPro/Mobile/Distance Field platform=gles type=5 mask=6 insize=6459 outsize=6459 ok=1

Cmd: disassembleShader
 name=Legacy Shaders/Transparent/Diffuse platform=gles type=5 mask=6 insize=2447 outsize=2447 ok=1

Cmd: disassembleShader
 name=Standard platform=gles type=5 mask=6 insize=14186 outsize=14186 ok=1

Cmd: disassembleShader
 name=Standard platform=gles type=5 mask=6 insize=3309 outsize=3309 ok=1

Cmd: disassembleShader
 name=Standard platform=gles type=5 mask=6 insize=7339 outsize=7339 ok=1

Cmd: disassembleShader
 name=Legacy Shaders/Diffuse platform=gles type=5 mask=6 insize=4009 outsize=4009 ok=1

Cmd: disassembleShader
 name=Legacy Shaders/Transparent/Diffuse platform=gles type=5 mask=6 insize=3968 outsize=3968 ok=1

Cmd: disassembleShader
 name=TextMeshPro/Sprite platform=gles type=5 mask=6 insize=2233 outsize=2233 ok=1

Cmd: disassembleShader
 name=Standard platform=gles type=5 mask=6 insize=15748 outsize=15748 ok=1

Cmd: disassembleShader
 name=Standard platform=gles type=5 mask=6 insize=3309 outsize=3309 ok=1

Cmd: disassembleShader
 name=Standard platform=gles type=5 mask=6 insize=5039 outsize=5039 ok=1

Cmd: disassembleShader
 name=Mobile/Diffuse platform=gles type=5 mask=6 insize=3975 outsize=3975 ok=1

Cmd: disassembleShader
 name=Standard platform=gles type=5 mask=6 insize=8866 outsize=8866 ok=1

Cmd: disassembleShader
 name=Standard platform=gles type=5 mask=6 insize=8380 outsize=8380 ok=1

Cmd: disassembleShader
 name=Standard platform=gles type=5 mask=6 insize=6498 outsize=6498 ok=1

Cmd: disassembleShader
 name=Legacy Shaders/Diffuse platform=gles type=5 mask=6 insize=4060 outsize=4060 ok=1

Cmd: disassembleShader
 name=TextMeshPro/Mobile/Distance Field platform=gles type=5 mask=6 insize=6459 outsize=6459 ok=1

Cmd: disassembleShader
 name=Legacy Shaders/Transparent/Diffuse platform=gles type=5 mask=6 insize=3493 outsize=3493 ok=1

Cmd: compileSnippet
  insize=1647 file=Assets/DefaultResourcesExtra/Standard pass=FORWARD cachingPP=1 ppOnly=0 stripLineD=0 buildPlatform=-2 rsLen=0 pKW=UNITY_NO_RGBM UNITY_ENABLE_REFLECTION_BUFFERS UNITY_FRAMEBUFFER_FETCH_AVAILABLE UNITY_USE_DITHER_MASK_FOR_ALPHABLENDED_SHADOWS UNITY_PBS_USE_BRDF1 UNITY_SPECCUBE_BOX_PROJECTION UNITY_SPECCUBE_BLENDING UNITY_ENABLE_DETAIL_NORMALMAP SHADER_API_MOBILE UNITY_COLORSPACE_GAMMA UNITY_LIGHTMAP_RGBM_ENCODING UNITY_ASTC_NORMALMAP_ENCODING UNITY_PASS_FORWARDBASE uKW=DIRECTIONAL VERTEXLIGHT_ON _SPECULARHIGHLIGHTS_OFF dKW=FOG_LINEAR FOG_EXP FOG_EXP2 INSTANCING_ON _NORMALMAP _ALPHATEST_ON _ALPHABLEND_ON _ALPHAPREMULTIPLY_ON _METALLICGLOSSMAP _PARALLAXMAP LIGHTPROBE_SH SHADOWS_SHADOWMASK DYNAMICLIGHTMAP_ON LIGHTMAP_ON LIGHTMAP_SHADOW_MIXING DIRLIGHTMAP_COMBINED SHADOWS_SCREEN UNITY_NO_DXT5nm UNITY_ENABLE_NATIVE_SHADOW_LOOKUPS UNITY_METAL_SHADOWS_USE_POINT_FILTERING UNITY_NO_SCREENSPACE_SHADOWS UNITY_PBS_USE_BRDF2 UNITY_PBS_USE_BRDF3 UNITY_NO_FULL_STANDARD_SHADER UNITY_HARDWARE_TIER1 UNITY_HARDWARE_TIER2 UNITY_HARDWARE_TIER3 UNITY_LIGHT_PROBE_PROXY_VOLUME UNITY_HALF_PRECISION_FRAGMENT_SHADER_REGISTERS UNITY_LIGHTMAP_DLDR_ENCODING UNITY_LIGHTMAP_FULL_HDR UNITY_VIRTUAL_TEXTURING UNITY_PRETRANSFORM_TO_DISPLAY_ORIENTATION SHADER_API_GLES30 flags=268435456 lang=0 type=Vertex platform=gles reqs=227 mask=6 start=68 ok=1 outsize=11229

Cmd: disassembleShader
 name=Standard platform=gles type=5 mask=6 insize=11229 outsize=11229 ok=1

Cmd: disassembleShader
 name=Standard platform=gles type=5 mask=6 insize=8866 outsize=8866 ok=1

Cmd: disassembleShader
 name=Standard platform=gles type=5 mask=6 insize=8373 outsize=8373 ok=1

Cmd: disassembleShader
 name=Standard platform=gles type=5 mask=6 insize=6498 outsize=6498 ok=1

Cmd: disassembleShader
 name=Legacy Shaders/VertexLit platform=gles type=5 mask=6 insize=9014 outsize=9014 ok=1

Cmd: disassembleShader
 name=Legacy Shaders/Diffuse platform=gles type=5 mask=6 insize=4240 outsize=4240 ok=1

Cmd: disassembleShader
 name=TextMeshPro/Mobile/Distance Field platform=gles type=5 mask=6 insize=5926 outsize=5926 ok=1

Cmd: disassembleShader
 name=Legacy Shaders/Transparent/Diffuse platform=gles type=5 mask=6 insize=3493 outsize=3493 ok=1

Cmd: disassembleShader
 name=Mobile/VertexLit platform=gles type=5 mask=6 insize=6961 outsize=6961 ok=1

Cmd: disassembleShader
 name=Standard platform=gles type=5 mask=6 insize=12801 outsize=12801 ok=1

Cmd: disassembleShader
 name=Standard platform=gles type=5 mask=6 insize=8554 outsize=8554 ok=1

Cmd: disassembleShader
 name=Standard platform=gles type=5 mask=6 insize=6846 outsize=6846 ok=1

Cmd: disassembleShader
 name=Standard platform=gles type=5 mask=6 insize=6630 outsize=6630 ok=1

Cmd: disassembleShader
 name=Legacy Shaders/Diffuse platform=gles type=5 mask=6 insize=4060 outsize=4060 ok=1

Cmd: disassembleShader
 name=TextMeshPro/Mobile/Distance Field platform=gles type=5 mask=6 insize=8568 outsize=8568 ok=1

Cmd: disassembleShader
 name=Skybox/Procedural platform=gles type=5 mask=6 insize=11229 outsize=11229 ok=1

Cmd: disassembleShader
 name=TextMeshPro/Mobile/Distance Field platform=gles type=5 mask=6 insize=6101 outsize=6101 ok=1

Cmd: disassembleShader
 name=Standard platform=gles type=5 mask=6 insize=14186 outsize=14186 ok=1

Cmd: disassembleShader
 name=Standard platform=gles type=5 mask=6 insize=4383 outsize=4383 ok=1

Cmd: disassembleShader
 name=Standard platform=gles type=5 mask=6 insize=6451 outsize=6451 ok=1

Cmd: disassembleShader
 name=Legacy Shaders/Diffuse platform=gles type=5 mask=6 insize=4060 outsize=4060 ok=1

Cmd: disassembleShader
 name=TextMeshPro/Mobile/Distance Field platform=gles type=5 mask=6 insize=8207 outsize=8207 ok=1

Cmd: disassembleShader
 name=Legacy Shaders/Transparent/VertexLit platform=gles type=5 mask=6 insize=9029 outsize=9029 ok=1

Cmd: shutdown
