Base path: 'D:/Applications/Editor/2020.3.24f1/Editor/Data', plugins path 'D:/Applications/Editor/2020.3.24f1/Editor/Data/PlaybackEngines'
Cmd: initializeCompiler

Cmd: disassembleShader
 name=Standard platform=gles type=5 mask=6 insize=12801 outsize=12801 ok=1

Cmd: disassembleShader
 name=Standard platform=gles type=5 mask=6 insize=8866 outsize=8866 ok=1

Cmd: disassembleShader
 name=Standard platform=gles type=5 mask=6 insize=9671 outsize=9671 ok=1

Cmd: disassembleShader
 name=Standard platform=gles type=5 mask=6 insize=3059 outsize=3059 ok=1

Cmd: disassembleShader
 name=TextMeshPro/Mobile/Distance Field platform=gles type=5 mask=6 insize=6459 outsize=6459 ok=1

Cmd: disassembleShader
 name=Standard platform=gles type=5 mask=6 insize=8759 outsize=8759 ok=1

Cmd: disassembleShader
 name=Standard platform=gles type=5 mask=6 insize=9671 outsize=9671 ok=1

Cmd: disassembleShader
 name=Legacy Shaders/VertexLit platform=gles type=5 mask=6 insize=8608 outsize=8608 ok=1

Cmd: disassembleShader
 name=Legacy Shaders/Diffuse platform=gles type=5 mask=6 insize=4240 outsize=4240 ok=1

Cmd: disassembleShader
 name=TextMeshPro/Mobile/Distance Field platform=gles type=5 mask=6 insize=6459 outsize=6459 ok=1

Cmd: disassembleShader
 name=Mobile/VertexLit platform=gles type=5 mask=6 insize=6961 outsize=6961 ok=1

Cmd: disassembleShader
 name=Sprites/Default platform=gles type=5 mask=6 insize=2569 outsize=2569 ok=1

Cmd: disassembleShader
 name=Standard platform=gles type=5 mask=6 insize=8763 outsize=8763 ok=1

Cmd: disassembleShader
 name=Standard platform=gles type=5 mask=6 insize=8380 outsize=8380 ok=1

Cmd: disassembleShader
 name=Legacy Shaders/VertexLit platform=gles type=5 mask=6 insize=8608 outsize=8608 ok=1

Cmd: disassembleShader
 name=Legacy Shaders/Diffuse platform=gles type=5 mask=6 insize=4240 outsize=4240 ok=1

Cmd: disassembleShader
 name=TextMeshPro/Mobile/Distance Field platform=gles type=5 mask=6 insize=6334 outsize=6334 ok=1

Cmd: disassembleShader
 name=Legacy Shaders/Transparent/Diffuse platform=gles type=5 mask=6 insize=3493 outsize=3493 ok=1

Cmd: disassembleShader
 name=Mobile/VertexLit platform=gles type=5 mask=6 insize=6961 outsize=6961 ok=1

Cmd: disassembleShader
 name=Standard platform=gles type=5 mask=6 insize=14186 outsize=14186 ok=1

Cmd: disassembleShader
 name=Standard platform=gles type=5 mask=6 insize=5039 outsize=5039 ok=1

Cmd: disassembleShader
 name=Legacy Shaders/Diffuse platform=gles type=5 mask=6 insize=4060 outsize=4060 ok=1

Cmd: disassembleShader
 name=TextMeshPro/Mobile/Distance Field platform=gles type=5 mask=6 insize=8426 outsize=8426 ok=1

Cmd: disassembleShader
 name=Legacy Shaders/Transparent/Diffuse platform=gles type=5 mask=6 insize=3917 outsize=3917 ok=1

Cmd: disassembleShader
 name=Mobile/Diffuse platform=gles type=5 mask=6 insize=4077 outsize=4077 ok=1

Cmd: disassembleShader
 name=Standard platform=gles type=5 mask=6 insize=7488 outsize=7488 ok=1

Cmd: disassembleShader
 name=Standard platform=gles type=5 mask=6 insize=6846 outsize=6846 ok=1

Cmd: disassembleShader
 name=Standard platform=gles type=5 mask=6 insize=6294 outsize=6294 ok=1

Cmd: disassembleShader
 name=TextMeshPro/Mobile/Distance Field platform=gles type=5 mask=6 insize=6101 outsize=6101 ok=1

Cmd: disassembleShader
 name=Legacy Shaders/Transparent/VertexLit platform=gles type=5 mask=6 insize=9029 outsize=9029 ok=1

Cmd: disassembleShader
 name=UI/Default platform=gles type=5 mask=6 insize=3194 outsize=3194 ok=1

Cmd: disassembleShader
 name=Standard platform=gles type=5 mask=6 insize=8554 outsize=8554 ok=1

Cmd: disassembleShader
 name=Standard platform=gles type=5 mask=6 insize=6846 outsize=6846 ok=1

Cmd: disassembleShader
 name=Standard platform=gles type=5 mask=6 insize=6630 outsize=6630 ok=1

Cmd: disassembleShader
 name=TextMeshPro/Mobile/Distance Field platform=gles type=5 mask=6 insize=6101 outsize=6101 ok=1

Cmd: disassembleShader
 name=Legacy Shaders/Transparent/Diffuse platform=gles type=5 mask=6 insize=4064 outsize=4064 ok=1

Cmd: disassembleShader
 name=Sprites/Default platform=gles type=5 mask=6 insize=2569 outsize=2569 ok=1

Cmd: disassembleShader
 name=Standard platform=gles type=5 mask=6 insize=8763 outsize=8763 ok=1

Cmd: disassembleShader
 name=Standard platform=gles type=5 mask=6 insize=9664 outsize=9664 ok=1

Cmd: disassembleShader
 name=Standard platform=gles type=5 mask=6 insize=3059 outsize=3059 ok=1

Cmd: disassembleShader
 name=TextMeshPro/Mobile/Distance Field platform=gles type=5 mask=6 insize=8426 outsize=8426 ok=1

Cmd: disassembleShader
 name=Legacy Shaders/Transparent/VertexLit platform=gles type=5 mask=6 insize=8623 outsize=8623 ok=1

Cmd: disassembleShader
 name=Standard platform=gles type=5 mask=6 insize=15812 outsize=15812 ok=1

Cmd: compileSnippet
  insize=1487 file=Assets/DefaultResourcesExtra/Standard pass=FORWARD_DELTA cachingPP=1 ppOnly=0 stripLineD=0 buildPlatform=-2 rsLen=0 pKW=UNITY_NO_RGBM UNITY_ENABLE_REFLECTION_BUFFERS UNITY_FRAMEBUFFER_FETCH_AVAILABLE UNITY_USE_DITHER_MASK_FOR_ALPHABLENDED_SHADOWS UNITY_PBS_USE_BRDF1 UNITY_SPECCUBE_BOX_PROJECTION UNITY_SPECCUBE_BLENDING UNITY_ENABLE_DETAIL_NORMALMAP SHADER_API_MOBILE UNITY_COLORSPACE_GAMMA UNITY_LIGHTMAP_RGBM_ENCODING UNITY_ASTC_NORMALMAP_ENCODING UNITY_PASS_FORWARDADD uKW=DIRECTIONAL _SPECULARHIGHLIGHTS_OFF dKW=FOG_LINEAR FOG_EXP FOG_EXP2 _NORMALMAP _ALPHATEST_ON _ALPHABLEND_ON _ALPHAPREMULTIPLY_ON _METALLICGLOSSMAP _PARALLAXMAP POINT SPOT POINT_COOKIE DIRECTIONAL_COOKIE SHADOWS_SHADOWMASK LIGHTMAP_SHADOW_MIXING SHADOWS_DEPTH SHADOWS_SOFT SHADOWS_SCREEN SHADOWS_CUBE UNITY_NO_DXT5nm UNITY_ENABLE_NATIVE_SHADOW_LOOKUPS UNITY_METAL_SHADOWS_USE_POINT_FILTERING UNITY_NO_SCREENSPACE_SHADOWS UNITY_PBS_USE_BRDF2 UNITY_PBS_USE_BRDF3 UNITY_NO_FULL_STANDARD_SHADER UNITY_HARDWARE_TIER1 UNITY_HARDWARE_TIER2 UNITY_HARDWARE_TIER3 UNITY_LIGHT_PROBE_PROXY_VOLUME UNITY_HALF_PRECISION_FRAGMENT_SHADER_REGISTERS UNITY_LIGHTMAP_DLDR_ENCODING UNITY_LIGHTMAP_FULL_HDR UNITY_VIRTUAL_TEXTURING UNITY_PRETRANSFORM_TO_DISPLAY_ORIENTATION SHADER_API_GLES30 flags=268435456 lang=0 type=Vertex platform=gles reqs=227 mask=6 start=106 ok=1 outsize=5449

Cmd: disassembleShader
 name=Standard platform=gles type=5 mask=6 insize=5449 outsize=5449 ok=1

Cmd: compileSnippet
  insize=1442 file=Assets/DefaultResourcesExtra/Standard pass=FORWARD cachingPP=1 ppOnly=0 stripLineD=0 buildPlatform=-2 rsLen=0 pKW=UNITY_NO_RGBM UNITY_ENABLE_REFLECTION_BUFFERS UNITY_FRAMEBUFFER_FETCH_AVAILABLE UNITY_USE_DITHER_MASK_FOR_ALPHABLENDED_SHADOWS UNITY_PBS_USE_BRDF1 UNITY_SPECCUBE_BOX_PROJECTION UNITY_SPECCUBE_BLENDING UNITY_ENABLE_DETAIL_NORMALMAP SHADER_API_MOBILE UNITY_COLORSPACE_GAMMA UNITY_LIGHTMAP_RGBM_ENCODING UNITY_ASTC_NORMALMAP_ENCODING UNITY_PASS_FORWARDBASE uKW=DIRECTIONAL _SPECULARHIGHLIGHTS_OFF dKW=FOG_LINEAR FOG_EXP FOG_EXP2 _NORMALMAP _ALPHATEST_ON _ALPHABLEND_ON _ALPHAPREMULTIPLY_ON _METALLICGLOSSMAP LIGHTPROBE_SH SHADOWS_SHADOWMASK DYNAMICLIGHTMAP_ON LIGHTMAP_ON LIGHTMAP_SHADOW_MIXING SHADOWS_SCREEN VERTEXLIGHT_ON UNITY_NO_DXT5nm UNITY_ENABLE_NATIVE_SHADOW_LOOKUPS UNITY_METAL_SHADOWS_USE_POINT_FILTERING UNITY_NO_SCREENSPACE_SHADOWS UNITY_PBS_USE_BRDF2 UNITY_PBS_USE_BRDF3 UNITY_NO_FULL_STANDARD_SHADER UNITY_HARDWARE_TIER1 UNITY_HARDWARE_TIER2 UNITY_HARDWARE_TIER3 UNITY_LIGHT_PROBE_PROXY_VOLUME UNITY_HALF_PRECISION_FRAGMENT_SHADER_REGISTERS UNITY_LIGHTMAP_DLDR_ENCODING UNITY_LIGHTMAP_FULL_HDR UNITY_VIRTUAL_TEXTURING UNITY_PRETRANSFORM_TO_DISPLAY_ORIENTATION SHADER_API_GLES30 flags=268435456 lang=0 type=Vertex platform=gles reqs=1 mask=6 start=237 ok=1 outsize=6315

Cmd: disassembleShader
 name=Standard platform=gles type=5 mask=6 insize=6315 outsize=6315 ok=1

Cmd: disassembleShader
 name=Standard platform=gles type=5 mask=6 insize=7339 outsize=7339 ok=1

Cmd: disassembleShader
 name=Legacy Shaders/Diffuse platform=gles type=5 mask=6 insize=2539 outsize=2539 ok=1

Cmd: disassembleShader
 name=TextMeshPro/Mobile/Distance Field platform=gles type=5 mask=6 insize=6139 outsize=6139 ok=1

Cmd: disassembleShader
 name=Legacy Shaders/Transparent/Diffuse platform=gles type=5 mask=6 insize=2447 outsize=2447 ok=1

Cmd: disassembleShader
 name=Mobile/VertexLit platform=gles type=5 mask=6 insize=7373 outsize=7373 ok=1

Cmd: disassembleShader
 name=Standard platform=gles type=5 mask=6 insize=14186 outsize=14186 ok=1

Cmd: disassembleShader
 name=Standard platform=gles type=5 mask=6 insize=3309 outsize=3309 ok=1

Cmd: disassembleShader
 name=Standard platform=gles type=5 mask=6 insize=6341 outsize=6341 ok=1

Cmd: disassembleShader
 name=Legacy Shaders/Diffuse platform=gles type=5 mask=6 insize=4156 outsize=4156 ok=1

Cmd: disassembleShader
 name=TextMeshPro/Mobile/Distance Field platform=gles type=5 mask=6 insize=6497 outsize=6497 ok=1

Cmd: disassembleShader
 name=Legacy Shaders/Transparent/Diffuse platform=gles type=5 mask=6 insize=3917 outsize=3917 ok=1

Cmd: disassembleShader
 name=Mobile/VertexLit platform=gles type=5 mask=6 insize=7373 outsize=7373 ok=1

Cmd: disassembleShader
 name=Standard platform=gles type=5 mask=6 insize=12801 outsize=12801 ok=1

Cmd: disassembleShader
 name=Standard platform=gles type=5 mask=6 insize=3309 outsize=3309 ok=1

Cmd: disassembleShader
 name=Standard platform=gles type=5 mask=6 insize=6094 outsize=6094 ok=1

Cmd: disassembleShader
 name=Legacy Shaders/Diffuse platform=gles type=5 mask=6 insize=4148 outsize=4148 ok=1

Cmd: disassembleShader
 name=Mobile/Diffuse platform=gles type=5 mask=6 insize=5297 outsize=5297 ok=1

Cmd: shutdown
