Base path: 'D:/Applications/Editor/2020.3.24f1/Editor/Data', plugins path 'D:/Applications/Editor/2020.3.24f1/Editor/Data/PlaybackEngines'
Cmd: initializeCompiler

Cmd: disassembleShader
 name=Standard platform=gles type=5 mask=6 insize=14186 outsize=14186 ok=1

Cmd: disassembleShader
 name=Standard platform=gles type=5 mask=6 insize=6498 outsize=6498 ok=1

Cmd: disassembleShader
 name=Mobile/Diffuse platform=gles type=5 mask=6 insize=2451 outsize=2451 ok=1

Cmd: disassembleShader
 name=Skybox/Procedural platform=gles type=5 mask=6 insize=11229 outsize=11229 ok=1

Cmd: disassembleShader
 name=Standard platform=gles type=5 mask=6 insize=12801 outsize=12801 ok=1

Cmd: disassembleShader
 name=Standard platform=gles type=5 mask=6 insize=8763 outsize=8763 ok=1

Cmd: disassembleShader
 name=Standard platform=gles type=5 mask=6 insize=4383 outsize=4383 ok=1

Cmd: disassembleShader
 name=Standard platform=gles type=5 mask=6 insize=6630 outsize=6630 ok=1

Cmd: disassembleShader
 name=Legacy Shaders/Transparent/Diffuse platform=gles type=5 mask=6 insize=3968 outsize=3968 ok=1

Cmd: disassembleShader
 name=TextMeshPro/Sprite platform=gles type=5 mask=6 insize=1845 outsize=1845 ok=1

Cmd: disassembleShader
 name=Standard platform=gles type=5 mask=6 insize=12801 outsize=12801 ok=1

Cmd: disassembleShader
 name=Standard platform=gles type=5 mask=6 insize=8450 outsize=8450 ok=1

Cmd: disassembleShader
 name=Standard platform=gles type=5 mask=6 insize=9664 outsize=9664 ok=1

Cmd: disassembleShader
 name=Legacy Shaders/Diffuse platform=gles type=5 mask=6 insize=4156 outsize=4156 ok=1

Cmd: disassembleShader
 name=Legacy Shaders/Transparent/Diffuse platform=gles type=5 mask=6 insize=3968 outsize=3968 ok=1

Cmd: disassembleShader
 name=Standard platform=gles type=5 mask=6 insize=10588 outsize=10588 ok=1

Cmd: disassembleShader
 name=Standard platform=gles type=5 mask=6 insize=6807 outsize=6807 ok=1

Cmd: disassembleShader
 name=Standard platform=gles type=5 mask=6 insize=7339 outsize=7339 ok=1

Cmd: disassembleShader
 name=TextMeshPro/Mobile/Distance Field platform=gles type=5 mask=6 insize=8568 outsize=8568 ok=1

Cmd: disassembleShader
 name=Mobile/Diffuse platform=gles type=5 mask=6 insize=5297 outsize=5297 ok=1

Cmd: disassembleShader
 name=TextMeshPro/Sprite platform=gles type=5 mask=6 insize=2378 outsize=2378 ok=1

Cmd: disassembleShader
 name=Standard platform=gles type=5 mask=6 insize=8866 outsize=8866 ok=1

Cmd: disassembleShader
 name=Standard platform=gles type=5 mask=6 insize=6846 outsize=6846 ok=1

Cmd: disassembleShader
 name=Standard platform=gles type=5 mask=6 insize=6141 outsize=6141 ok=1

Cmd: disassembleShader
 name=Legacy Shaders/Diffuse platform=gles type=5 mask=6 insize=5382 outsize=5382 ok=1

Cmd: disassembleShader
 name=TextMeshPro/Mobile/Distance Field platform=gles type=5 mask=6 insize=6459 outsize=6459 ok=1

Cmd: disassembleShader
 name=Legacy Shaders/Transparent/Diffuse platform=gles type=5 mask=6 insize=3917 outsize=3917 ok=1

Cmd: disassembleShader
 name=Mobile/Diffuse platform=gles type=5 mask=6 insize=4077 outsize=4077 ok=1

Cmd: disassembleShader
 name=Standard platform=gles type=5 mask=6 insize=14250 outsize=14250 ok=1

Cmd: disassembleShader
 name=Standard platform=gles type=5 mask=6 insize=7488 outsize=7488 ok=1

Cmd: disassembleShader
 name=Standard platform=gles type=5 mask=6 insize=5920 outsize=5920 ok=1

Cmd: disassembleShader
 name=Standard platform=gles type=5 mask=6 insize=6341 outsize=6341 ok=1

Cmd: disassembleShader
 name=TextMeshPro/Mobile/Distance Field platform=gles type=5 mask=6 insize=6334 outsize=6334 ok=1

Cmd: disassembleShader
 name=Legacy Shaders/Transparent/VertexLit platform=gles type=5 mask=6 insize=9029 outsize=9029 ok=1

Cmd: disassembleShader
 name=Standard platform=gles type=5 mask=6 insize=12801 outsize=12801 ok=1

Cmd: disassembleShader
 name=Standard platform=gles type=5 mask=6 insize=7488 outsize=7488 ok=1

Cmd: disassembleShader
 name=Standard platform=gles type=5 mask=6 insize=6846 outsize=6846 ok=1

Cmd: disassembleShader
 name=Standard platform=gles type=5 mask=6 insize=6094 outsize=6094 ok=1

Cmd: disassembleShader
 name=Legacy Shaders/Diffuse platform=gles type=5 mask=6 insize=2539 outsize=2539 ok=1

Cmd: disassembleShader
 name=TextMeshPro/Mobile/Distance Field platform=gles type=5 mask=6 insize=6270 outsize=6270 ok=1

Cmd: disassembleShader
 name=Legacy Shaders/Transparent/Diffuse platform=gles type=5 mask=6 insize=2447 outsize=2447 ok=1

Cmd: disassembleShader
 name=Mobile/Diffuse platform=gles type=5 mask=6 insize=4077 outsize=4077 ok=1

Cmd: compileSnippet
  insize=1647 file=Assets/DefaultResourcesExtra/Standard pass=FORWARD cachingPP=1 ppOnly=0 stripLineD=0 buildPlatform=-2 rsLen=0 pKW=UNITY_NO_RGBM UNITY_ENABLE_REFLECTION_BUFFERS UNITY_FRAMEBUFFER_FETCH_AVAILABLE UNITY_USE_DITHER_MASK_FOR_ALPHABLENDED_SHADOWS UNITY_PBS_USE_BRDF1 UNITY_SPECCUBE_BOX_PROJECTION UNITY_SPECCUBE_BLENDING UNITY_ENABLE_DETAIL_NORMALMAP SHADER_API_MOBILE UNITY_COLORSPACE_GAMMA UNITY_LIGHTMAP_RGBM_ENCODING UNITY_ASTC_NORMALMAP_ENCODING UNITY_PASS_FORWARDBASE uKW=DIRECTIONAL LIGHTPROBE_SH VERTEXLIGHT_ON _SPECULARHIGHLIGHTS_OFF _GLOSSYREFLECTIONS_OFF dKW=FOG_LINEAR FOG_EXP FOG_EXP2 INSTANCING_ON _NORMALMAP _ALPHATEST_ON _ALPHABLEND_ON _ALPHAPREMULTIPLY_ON _METALLICGLOSSMAP _PARALLAXMAP SHADOWS_SHADOWMASK DYNAMICLIGHTMAP_ON LIGHTMAP_ON LIGHTMAP_SHADOW_MIXING DIRLIGHTMAP_COMBINED SHADOWS_SCREEN UNITY_NO_DXT5nm UNITY_ENABLE_NATIVE_SHADOW_LOOKUPS UNITY_METAL_SHADOWS_USE_POINT_FILTERING UNITY_NO_SCREENSPACE_SHADOWS UNITY_PBS_USE_BRDF2 UNITY_PBS_USE_BRDF3 UNITY_NO_FULL_STANDARD_SHADER UNITY_HARDWARE_TIER1 UNITY_HARDWARE_TIER2 UNITY_HARDWARE_TIER3 UNITY_LIGHT_PROBE_PROXY_VOLUME UNITY_HALF_PRECISION_FRAGMENT_SHADER_REGISTERS UNITY_LIGHTMAP_DLDR_ENCODING UNITY_LIGHTMAP_FULL_HDR UNITY_VIRTUAL_TEXTURING UNITY_PRETRANSFORM_TO_DISPLAY_ORIENTATION SHADER_API_GLES30 flags=268435456 lang=0 type=Vertex platform=gles reqs=227 mask=6 start=68 ok=1 outsize=9636

Cmd: disassembleShader
 name=Standard platform=gles type=5 mask=6 insize=9636 outsize=9636 ok=1

Cmd: disassembleShader
 name=Standard platform=gles type=5 mask=6 insize=10588 outsize=10588 ok=1

Cmd: compileSnippet
  insize=1442 file=Assets/DefaultResourcesExtra/Standard pass=FORWARD cachingPP=1 ppOnly=0 stripLineD=0 buildPlatform=-2 rsLen=0 pKW=UNITY_NO_RGBM UNITY_ENABLE_REFLECTION_BUFFERS UNITY_FRAMEBUFFER_FETCH_AVAILABLE UNITY_USE_DITHER_MASK_FOR_ALPHABLENDED_SHADOWS UNITY_PBS_USE_BRDF1 UNITY_SPECCUBE_BOX_PROJECTION UNITY_SPECCUBE_BLENDING UNITY_ENABLE_DETAIL_NORMALMAP SHADER_API_MOBILE UNITY_COLORSPACE_GAMMA UNITY_LIGHTMAP_RGBM_ENCODING UNITY_ASTC_NORMALMAP_ENCODING UNITY_PASS_FORWARDBASE uKW=DIRECTIONAL LIGHTPROBE_SH VERTEXLIGHT_ON _SPECULARHIGHLIGHTS_OFF dKW=FOG_LINEAR FOG_EXP FOG_EXP2 _NORMALMAP _ALPHATEST_ON _ALPHABLEND_ON _ALPHAPREMULTIPLY_ON _METALLICGLOSSMAP SHADOWS_SHADOWMASK DYNAMICLIGHTMAP_ON LIGHTMAP_ON LIGHTMAP_SHADOW_MIXING SHADOWS_SCREEN UNITY_NO_DXT5nm UNITY_ENABLE_NATIVE_SHADOW_LOOKUPS UNITY_METAL_SHADOWS_USE_POINT_FILTERING UNITY_NO_SCREENSPACE_SHADOWS UNITY_PBS_USE_BRDF2 UNITY_PBS_USE_BRDF3 UNITY_NO_FULL_STANDARD_SHADER UNITY_HARDWARE_TIER1 UNITY_HARDWARE_TIER2 UNITY_HARDWARE_TIER3 UNITY_LIGHT_PROBE_PROXY_VOLUME UNITY_HALF_PRECISION_FRAGMENT_SHADER_REGISTERS UNITY_LIGHTMAP_DLDR_ENCODING UNITY_LIGHTMAP_FULL_HDR UNITY_VIRTUAL_TEXTURING UNITY_PRETRANSFORM_TO_DISPLAY_ORIENTATION SHADER_API_GLES30 flags=268435456 lang=0 type=Vertex platform=gles reqs=1 mask=6 start=237 ok=1 outsize=9133

Cmd: disassembleShader
 name=Standard platform=gles type=5 mask=6 insize=9133 outsize=9133 ok=1

Cmd: disassembleShader
 name=Standard platform=gles type=5 mask=6 insize=6294 outsize=6294 ok=1

Cmd: disassembleShader
 name=TextMeshPro/Mobile/Distance Field platform=gles type=5 mask=6 insize=6650 outsize=6650 ok=1

Cmd: disassembleShader
 name=Standard platform=gles type=5 mask=6 insize=10588 outsize=10588 ok=1

Cmd: disassembleShader
 name=Standard platform=gles type=5 mask=6 insize=6807 outsize=6807 ok=1

Cmd: disassembleShader
 name=Legacy Shaders/Diffuse platform=gles type=5 mask=6 insize=2539 outsize=2539 ok=1

Cmd: disassembleShader
 name=TextMeshPro/Mobile/Distance Field platform=gles type=5 mask=6 insize=6334 outsize=6334 ok=1

Cmd: disassembleShader
 name=Standard platform=gles type=5 mask=6 insize=7488 outsize=7488 ok=1

Cmd: disassembleShader
 name=Standard platform=gles type=5 mask=6 insize=6807 outsize=6807 ok=1

Cmd: disassembleShader
 name=Standard platform=gles type=5 mask=6 insize=6498 outsize=6498 ok=1

Cmd: disassembleShader
 name=Legacy Shaders/Diffuse platform=gles type=5 mask=6 insize=2539 outsize=2539 ok=1

Cmd: disassembleShader
 name=TextMeshPro/Mobile/Distance Field platform=gles type=5 mask=6 insize=8426 outsize=8426 ok=1

Cmd: disassembleShader
 name=Mobile/Diffuse platform=gles type=5 mask=6 insize=2451 outsize=2451 ok=1

Cmd: shutdown
